<html>
<body>
<pre>
<h1>µVision Build Log</h1>
<h2>Tool Versions:</h2>
IDE-Version: ¦ÌVision V5.28.0.0
Copyright (C) 2019 ARM Ltd and ARM Germany GmbH. All rights reserved.
License Information: hxq »ÆÏþÇì, hxq, LIC=D0D7S-LRYRS-30ZNC-7H7YW-8UHXB-P34ET
 
Tool Versions:
Toolchain:       MDK-ARM Plus  Version: 5.28.0.0
Toolchain Path:  D:\Installation_Path\Keil\Core\ARM\ARMCC\Bin
C Compiler:      Armcc.exe V5.06 update 6 (build 750)
Assembler:       Armasm.exe V5.06 update 6 (build 750)
Linker/Locator:  ArmLink.exe V5.06 update 6 (build 750)
Library Manager: ArmAr.exe V5.06 update 6 (build 750)
Hex Converter:   FromElf.exe V5.06 update 6 (build 750)
CPU DLL:         SARMCM3.DLL V5.28.0.0
Dialog DLL:      DCM.DLL V1.17.3.0
Target DLL:      CMSIS_AGDI.dll V1.31.18.0
Dialog DLL:      TCM.DLL V1.36.2.0
 
<h2>Project:</h2>
E:\hxq_work\git_project\F103ZET6_SPL_SDK\F103ZET6_SDK\Template.uvprojx
Project File Date:  08/05/2023

<h2>Output:</h2>
*** Using Compiler 'V5.06 update 6 (build 750)', folder: 'D:\Installation_Path\Keil\Core\ARM\ARMCC\Bin'
Rebuild target 'Target 1'
compiling stm32f10x_exti.c...
assembling startup_stm32f10x_hd.s...
compiling stm32f10x_usart.c...
compiling core_cm3.c...
compiling stm32f10x_it.c...
compiling stm32f10x_rcc.c...
compiling stm32f10x_bkp.c...
compiling misc.c...
compiling stm32f10x_cec.c...
compiling system_stm32f10x.c...
compiling stm32f10x_adc.c...
compiling stm32f10x_can.c...
compiling stm32f10x_gpio.c...
compiling stm32f10x_tim.c...
compiling main.c...
compiling stm32f10x_crc.c...
compiling stm32f10x_dac.c...
compiling stm32f10x_dbgmcu.c...
compiling stm32f10x_dma.c...
compiling stm32f10x_flash.c...
compiling stm32f10x_fsmc.c...
compiling stm32f10x_i2c.c...
compiling stm32f10x_iwdg.c...
compiling stm32f10x_pwr.c...
compiling stm32f10x_rtc.c...
compiling stm32f10x_sdio.c...
compiling stm32f10x_spi.c...
compiling stm32f10x_wwdg.c...
compiling led.c...
compiling usart.c...
compiling time6.c...
compiling cst816t.c...
compiling i2c.c...
compiling st7789v.c...
compiling system.c...
compiling SysTick.c...
compiling croutine.c...
compiling event_groups.c...
compiling list.c...
compiling queue.c...
compiling tasks.c...
compiling timers.c...
compiling heap_4.c...
compiling RTOS_text.c...
compiling port.c...
linking...
Program Size: Code=14920 RO-data=472024 RW-data=184 ZI-data=38952  
FromELF: creating hex file...
".\Obj\Template.axf" - 0 Error(s), 0 Warning(s).

<h2>Software Packages used:</h2>

Package Vendor: Keil
                http://www.keil.com/pack/Keil.STM32F1xx_DFP.1.0.5.pack
                Keil.STM32F1xx_DFP.1.0.5
                STMicroelectronics STM32F1 Series Device Support, Drivers and Examples

<h2>Collection of Component include folders:</h2>
  .\RTE\_Target_1
  D:\Installation_Path\Keil\Pack\Keil\STM32F1xx_DFP\1.0.5\Device\Include

<h2>Collection of Component Files used:</h2>
Build Time Elapsed:  00:00:05
</pre>
</body>
</html>
